D:\Pavan_FPGA_Projects\Prj_funprof_v1.0\implementation\system.ngc 1441721399
D:/Pavan_FPGA_Projects/Prj_funprof_v1.0/implementation/funprof_0_wrapper.ngc 1441721239
D:/Pavan_FPGA_Projects/Prj_funprof_v1.0/implementation/rs232_uart_1_wrapper.ngc 1441721239
D:/Pavan_FPGA_Projects/Prj_funprof_v1.0/implementation/clock_generator_0_wrapper.ngc 1441721387
D:/Pavan_FPGA_Projects/Prj_funprof_v1.0/implementation/proc_sys_reset_0_wrapper.ngc 1441721239
D:/Pavan_FPGA_Projects/Prj_funprof_v1.0/implementation/microblaze_0_wrapper.ngc 1441721239
D:/Pavan_FPGA_Projects/Prj_funprof_v1.0/implementation/mb_plb_wrapper.ngc 1441721239
D:/Pavan_FPGA_Projects/Prj_funprof_v1.0/implementation/ilmb_wrapper.ngc 1441721239
D:/Pavan_FPGA_Projects/Prj_funprof_v1.0/implementation/dlmb_wrapper.ngc 1441721239
D:/Pavan_FPGA_Projects/Prj_funprof_v1.0/implementation/dlmb_cntlr_wrapper.ngc 1441721239
D:/Pavan_FPGA_Projects/Prj_funprof_v1.0/implementation/ilmb_cntlr_wrapper.ngc 1441721239
D:/Pavan_FPGA_Projects/Prj_funprof_v1.0/implementation/leds_4bit_wrapper.ngc 1441721239
D:/Pavan_FPGA_Projects/Prj_funprof_v1.0/implementation/push_buttons_4bit_wrapper.ngc 1441721239
D:/Pavan_FPGA_Projects/Prj_funprof_v1.0/implementation/dip_switches_4bit_wrapper.ngc 1441721239
D:/Pavan_FPGA_Projects/Prj_funprof_v1.0/implementation/mdm_0_wrapper.ngc 1441721239
D:/Pavan_FPGA_Projects/Prj_funprof_v1.0/implementation/chipscope_ila_0_wrapper.ngc 1441721389
D:/Pavan_FPGA_Projects/Prj_funprof_v1.0/implementation/lmb_bram_wrapper.ngc 1441721239
D:/Pavan_FPGA_Projects/Prj_funprof_v1.0/implementation/chipscope_icon_0_wrapper.ngc 1441721239
