D:\Pavan_FPGA_Projects\Prj_simprof\implementation\system.ngc 1440562374
D:/Pavan_FPGA_Projects/Prj_simprof/implementation/rs232_uart_1_wrapper.ngc 1440562336
D:/Pavan_FPGA_Projects/Prj_simprof/implementation/clock_generator_0_wrapper.ngc 1440562365
D:/Pavan_FPGA_Projects/Prj_simprof/implementation/proc_sys_reset_0_wrapper.ngc 1440562336
D:/Pavan_FPGA_Projects/Prj_simprof/implementation/microblaze_0_wrapper.ngc 1440562336
D:/Pavan_FPGA_Projects/Prj_simprof/implementation/mb_plb_wrapper.ngc 1440562336
D:/Pavan_FPGA_Projects/Prj_simprof/implementation/ilmb_wrapper.ngc 1440562336
D:/Pavan_FPGA_Projects/Prj_simprof/implementation/dlmb_wrapper.ngc 1440562336
D:/Pavan_FPGA_Projects/Prj_simprof/implementation/dlmb_cntlr_wrapper.ngc 1440562336
D:/Pavan_FPGA_Projects/Prj_simprof/implementation/ilmb_cntlr_wrapper.ngc 1440562336
D:/Pavan_FPGA_Projects/Prj_simprof/implementation/leds_4bit_wrapper.ngc 1440562336
D:/Pavan_FPGA_Projects/Prj_simprof/implementation/dip_switches_4bit_wrapper.ngc 1440562336
D:/Pavan_FPGA_Projects/Prj_simprof/implementation/mdm_0_wrapper.ngc 1440562336
D:/Pavan_FPGA_Projects/Prj_simprof/implementation/simprof_0_wrapper.ngc 1440562360
D:/Pavan_FPGA_Projects/Prj_simprof/implementation/lmb_bram_wrapper.ngc 1440562336
OK
